cmd : 
At line:1 char:1
+ cmd /c 
".\gradlew.bat clean" 
> "C:\Anusha Bazaar\bui
ld_output.txt" 2> ...
+ ~~~~~~~~~~~~~~~~~~~~~
~~~~~~~~~~~~~~~~~~~~~~~
~~~~~~~~~~~~~~~~~~~~~~~
~~
    + CategoryInfo     
         : NotSpecifi  
  ed: (:String) [],    
 RemoteException
    + FullyQualifiedEr 
   rorId : NativeComm  
  andError
 
FAILURE: Build failed 
with an exception.

* Where:
Settings file 
'C:\Anusha Bazaar\andro
id\settings.gradle' 
line: 10

* What went wrong:
Plugin [id: 'com.facebo
ok.react.settings', 
version: '0.81.5', 
apply: false] was not 
found in any of the 
following sources:

- Gradle Core Plugins 
(plugin is not in 
'org.gradle' namespace)
- Included Builds (No 
included builds 
contain this plugin)
- Plugin Repositories 
(could not resolve 
plugin artifact 'com.fa
cebook.react.settings:c
om.facebook.react.setti
ngs.gradle.plugin:0.81.
5')
  Searched in the 
following repositories:
    Google
    MavenRepo
    Gradle Central 
Plugin Repository

* Try:
> Run with 
--stacktrace option to 
get the stack trace.
> Run with --info or 
--debug option to get 
more log output.
> Run with --scan to 
get full insights.
> Get more help at http
s://help.gradle.org.

BUILD FAILED in 1s
